2026-08-16 13:00:06,847 | WARNING | src.api.agents | 跳过子 Agent 文件 bad.md: bad.md: 缺少字段 description, tools
2026-08-16 13:00:06,849 | WARNING | src.api.agents | 跳过子 Agent 文件 bad.md: bad.md: 未知工具 nope
2026-08-16 13:00:06,850 | WARNING | src.api.agents | 跳过子 Agent 文件 bad.md: bad.md: 子 Agent 不允许使用工具 ask
2026-08-16 13:00:06,854 | ERROR   | src.api.agents | 子 Agent reviewer 无法执行：未解析到有效的 API 模型（provider 配置缺失或模型名为空，请检查 src/data/providers/ 配置）
2026-08-16 13:00:06,862 | WARNING | src.api.agents | 跳过子 Agent 文件 bad.md: bad.md: variant 'ultra' 不在已知列表：low, medium, high, max
2026-08-16 13:00:07,319 | ERROR   | src.api.client | 对话请求失败
Traceback (most recent call last):
  File "/home/user/Desktop/Rp-plus-plus-liangbinchen-pr/Rp-plus-plus-liangbinchen-pr/src/api/client.py", line 269, in _run
    made = self._stream_once(messages, mode)
  File "/home/user/Desktop/Rp-plus-plus-liangbinchen-pr/Rp-plus-plus-liangbinchen-pr/src/api/client.py", line 278, in _stream_once
    made, _ = stream_completion(
              ~~~~~~~~~~~~~~~~~^
        self._config,
        ^^^^^^^^^^^^^
    ...<7 lines>...
        cancel_event=self._cancel,
        ^^^^^^^^^^^^^^^^^^^^^^^^^^
    )
    ^
  File "/home/user/Desktop/Rp-plus-plus-liangbinchen-pr/Rp-plus-plus-liangbinchen-pr/src/api/client.py", line 57, in stream_completion
    stream = client.chat.completions.create(
        model=config.active_model(),
    ...<4 lines>...
        stream_options={"include_usage": True},
    )
  File "/home/user/Desktop/Rp-plus-plus-liangbinchen-pr/Rp-plus-plus-liangbinchen-pr/tests/test_client.py", line 126, in boom
    raise RuntimeError("network down")
RuntimeError: network down
2026-08-16 13:00:39,947 | WARNING | src.api.agents | 跳过子 Agent 文件 bad.md: bad.md: 缺少字段 description, tools
2026-08-16 13:00:39,949 | WARNING | src.api.agents | 跳过子 Agent 文件 bad.md: bad.md: 未知工具 nope
2026-08-16 13:00:39,950 | WARNING | src.api.agents | 跳过子 Agent 文件 bad.md: bad.md: 子 Agent 不允许使用工具 ask
2026-08-16 13:00:39,954 | ERROR   | src.api.agents | 子 Agent reviewer 无法执行：未解析到有效的 API 模型（provider 配置缺失或模型名为空，请检查 src/data/providers/ 配置）
2026-08-16 13:00:39,962 | WARNING | src.api.agents | 跳过子 Agent 文件 bad.md: bad.md: variant 'ultra' 不在已知列表：low, medium, high, max
2026-08-16 13:00:40,431 | ERROR   | src.api.client | 对话请求失败
Traceback (most recent call last):
  File "/home/user/Desktop/Rp-plus-plus-liangbinchen-pr/Rp-plus-plus-liangbinchen-pr/src/api/client.py", line 269, in _run
    made = self._stream_once(messages, mode)
  File "/home/user/Desktop/Rp-plus-plus-liangbinchen-pr/Rp-plus-plus-liangbinchen-pr/src/api/client.py", line 278, in _stream_once
    made, _ = stream_completion(
              ~~~~~~~~~~~~~~~~~^
        self._config,
        ^^^^^^^^^^^^^
    ...<7 lines>...
        cancel_event=self._cancel,
        ^^^^^^^^^^^^^^^^^^^^^^^^^^
    )
    ^
  File "/home/user/Desktop/Rp-plus-plus-liangbinchen-pr/Rp-plus-plus-liangbinchen-pr/src/api/client.py", line 57, in stream_completion
    stream = client.chat.completions.create(
        model=config.active_model(),
    ...<4 lines>...
        stream_options={"include_usage": True},
    )
  File "/home/user/Desktop/Rp-plus-plus-liangbinchen-pr/Rp-plus-plus-liangbinchen-pr/tests/test_client.py", line 126, in boom
    raise RuntimeError("network down")
RuntimeError: network down
2026-08-16 13:01:00,131 | WARNING | src.api.agents | 跳过子 Agent 文件 bad.md: bad.md: 缺少字段 description, tools
2026-08-16 13:01:00,133 | WARNING | src.api.agents | 跳过子 Agent 文件 bad.md: bad.md: 未知工具 nope
2026-08-16 13:01:00,136 | WARNING | src.api.agents | 跳过子 Agent 文件 bad.md: bad.md: 子 Agent 不允许使用工具 ask
2026-08-16 13:01:00,141 | ERROR   | src.api.agents | 子 Agent reviewer 无法执行：未解析到有效的 API 模型（provider 配置缺失或模型名为空，请检查 src/data/providers/ 配置）
2026-08-16 13:01:00,149 | WARNING | src.api.agents | 跳过子 Agent 文件 bad.md: bad.md: variant 'ultra' 不在已知列表：low, medium, high, max
2026-08-16 13:01:00,616 | ERROR   | src.api.client | 对话请求失败
Traceback (most recent call last):
  File "/home/user/Desktop/Rp-plus-plus-liangbinchen-pr/Rp-plus-plus-liangbinchen-pr/src/api/client.py", line 269, in _run
    made = self._stream_once(messages, mode)
  File "/home/user/Desktop/Rp-plus-plus-liangbinchen-pr/Rp-plus-plus-liangbinchen-pr/src/api/client.py", line 278, in _stream_once
    made, _ = stream_completion(
              ~~~~~~~~~~~~~~~~~^
        self._config,
        ^^^^^^^^^^^^^
    ...<7 lines>...
        cancel_event=self._cancel,
        ^^^^^^^^^^^^^^^^^^^^^^^^^^
    )
    ^
  File "/home/user/Desktop/Rp-plus-plus-liangbinchen-pr/Rp-plus-plus-liangbinchen-pr/src/api/client.py", line 57, in stream_completion
    stream = client.chat.completions.create(
        model=config.active_model(),
    ...<4 lines>...
        stream_options={"include_usage": True},
    )
  File "/home/user/Desktop/Rp-plus-plus-liangbinchen-pr/Rp-plus-plus-liangbinchen-pr/tests/test_client.py", line 126, in boom
    raise RuntimeError("network down")
RuntimeError: network down
